// Vitest Snapshot v1

exports[`sml json test suites > test syntax api 1`] = `
"@startjson
!theme sketchy-outline

#highlight \\"lastName\\"
#highlight \\"address\\" / \\"city\\"
#highlight \\"phoneNumbers\\" / \\"0\\" / \\"number\\"

{
  \\"firstName\\": \\"John\\",
  \\"lastName\\": \\"Smith\\",
  \\"isAlive\\": true,
  \\"age\\": 28,
  \\"address\\": {
    \\"streetAddress\\": \\"21 2nd Street\\",
    \\"city\\": \\"New York\\",
    \\"state\\": \\"NY\\",
    \\"postalCode\\": \\"10021-3100\\"
  },
  \\"phoneNumbers\\": [
    {
      \\"type\\": \\"home\\",
      \\"number\\": \\"212 555-1234\\"
    },
    {
      \\"type\\": \\"office\\",
      \\"number\\": \\"646 555-4567\\"
    }
  ],
  \\"children\\": [],
  \\"spouse\\": null
}
@endjson"
`;
