// Vitest Snapshot v1

exports[`deployment test suite > test all elements 1`] = `
"@startuml hello_deployment
!theme sketchy-outline
skinparam packageStyle Rectangle
left to right direction



actor \\"Customer\\" as c_ce26601d <<actor>>

component \\"registry\\" as z_a9205dcf <<zone>> {
  component \\"beehive-registry\\" as c_4dd942bb <<component>>
}
cloud \\"web-service\\" as z_82daadfb <<cloud>> {
  component \\"nginx\\" as c_ee434023 <<component>>
  component \\"dubbo-consumer\\" as c_fc2d8b3d <<component>>
  queue \\"request queue\\" as c_9ad4f252 <<queue>>
}
cloud \\"User-Center\\" as z_42fac19d <<cloud>> {
  collections \\"login-service\\" as c_b615bcf7 <<RpcService>>
  collections \\"registry-service\\" as c_11289165 <<RpcService>>
}
database \\"persistence\\" as z_3a6988a0 <<database>> {
  component \\"mysql\\" as c_81c3b080 <<component>>
}
c_ce26601d --> c_ee434023
c_fc2d8b3d --> c_9ad4f252
c_fc2d8b3d ..> c_4dd942bb
c_9ad4f252 ..> c_b615bcf7
c_9ad4f252 ..> c_11289165
c_b615bcf7 ..> c_81c3b080
c_11289165 ..> c_81c3b080
@enduml"
`;
